SQL> CLEAR SCREEN

SQL> SELECT * FROM DEPT;

    DEPTNO DNAME          LOC                                                                       
---------- -------------- -------------                                                             
        10 ACCOUNTING     NEW YORK                                                                  
        20 RESEARCH       DALLAS                                                                    
        30 SALES          CHICAGO                                                                   
        40 OPERATIONS     BOSTON                                                                    

SQL> INSERT INTO DEPT
  2  VALUES(50,'TRAINING','MUMBAI');

1 row created.

SQL> SELECT * FROM DEPT;

    DEPTNO DNAME          LOC                                                                       
---------- -------------- -------------                                                             
        10 ACCOUNTING     NEW YORK                                                                  
        20 RESEARCH       DALLAS                                                                    
        30 SALES          CHICAGO                                                                   
        40 OPERATIONS     BOSTON                                                                    
        50 TRAINING       MUMBAI                                                                    

SQL> INSERT INTO DEPT
  2  VALUES('HR','PUNE');
INSERT INTO DEPT
            *
ERROR at line 1:
ORA-00947: not enough values 


SQL> INSERT INTO DEPT
  2  VALUES(60,'HR');
INSERT INTO DEPT
            *
ERROR at line 1:
ORA-00947: not enough values 


SQL> ED
Wrote file afiedt.buf

  1  INSERT INTO DEPT(DEPTNO,DNAME)
  2* VALUES(60,'HR')
  3  /

1 row created.

SQL> SELECT * FROM DEPT;

    DEPTNO DNAME          LOC                                                                       
---------- -------------- -------------                                                             
        10 ACCOUNTING     NEW YORK                                                                  
        20 RESEARCH       DALLAS                                                                    
        30 SALES          CHICAGO                                                                   
        40 OPERATIONS     BOSTON                                                                    
        50 TRAINING       MUMBAI                                                                    
        60 HR                                                                                       

6 rows selected.

SQL> DROP ;
DROP 
    *
ERROR at line 1:
ORA-00950: invalid DROP option 


SQL> DELETE DEPTNO
  2  ,DNAME
  3  FROM DEPT
  4  WHERE DEPTNO >40;
,DNAME
*
ERROR at line 2:
ORA-00933: SQL command not properly ended 


SQL> ED
Wrote file afiedt.buf

  1  DELETE DEPTNO
  2  ,DNAME
  3  FROM DEPT
  4* WHERE DEPTNO > '40'
  5  /
,DNAME
*
ERROR at line 2:
ORA-00933: SQL command not properly ended 


SQL> DELETE FROM
  2  DEPT
  3  WHERE DEPTNO > 40;

2 rows deleted.

SQL> SELECT * FROM DEPT;

    DEPTNO DNAME          LOC                                                                       
---------- -------------- -------------                                                             
        10 ACCOUNTING     NEW YORK                                                                  
        20 RESEARCH       DALLAS                                                                    
        30 SALES          CHICAGO                                                                   
        40 OPERATIONS     BOSTON                                                                    

SQL> SELECT * FROM EMP1;

     EMPNO ENAME      JOB              MGR HIREDATE         SAL       COMM     DEPTNO               
---------- ---------- --------- ---------- --------- ---------- ---------- ----------               
      7369 SMITH      CLERK           7902 17-DEC-80        800                    20               
      7499 ALLEN      SALESMAN        7698 20-FEB-81       1600        300         30               
      7521 WARD       SALESMAN        7698 22-FEB-81       1250        500         30               
      7566 JONES      MANAGER         7839 02-APR-81       2975                    20               
      7654 MARTIN     SALESMAN        7698 28-SEP-81       1250       1400         30               
      7698 BLAKE      MANAGER         7839 01-MAY-81       2850                    30               
      7782 CLARK      MANAGER         7839 09-JUN-81       2450                    10               
      7788 SCOTT      ANALYST         7566 09-DEC-82       3000                    20               
      7839 KING       PRESIDENT            17-NOV-81       5000                    10               
      7844 TURNER     SALESMAN        7698 08-SEP-81       1500          0         30               
      7876 ADAMS      CLERK           7788 12-JAN-83       1100                    20               
      7900 JAMES      CLERK           7698 03-DEC-81        950                    30               
      7902 FORD       ANALYST         7566 03-DEC-81       3000                    20               
      7934 MILLER     CLERK           7782 23-JAN-82       1300                    10               

14 rows selected.

SQL> UPDATE EMP1
  2  SET COMM = 500
  3  WHERE COMM IS NULL;

10 rows updated.

SQL> SELECT * FROM EMP1;

     EMPNO ENAME      JOB              MGR HIREDATE         SAL       COMM     DEPTNO               
---------- ---------- --------- ---------- --------- ---------- ---------- ----------               
      7369 SMITH      CLERK           7902 17-DEC-80        800        500         20               
      7499 ALLEN      SALESMAN        7698 20-FEB-81       1600        300         30               
      7521 WARD       SALESMAN        7698 22-FEB-81       1250        500         30               
      7566 JONES      MANAGER         7839 02-APR-81       2975        500         20               
      7654 MARTIN     SALESMAN        7698 28-SEP-81       1250       1400         30               
      7698 BLAKE      MANAGER         7839 01-MAY-81       2850        500         30               
      7782 CLARK      MANAGER         7839 09-JUN-81       2450        500         10               
      7788 SCOTT      ANALYST         7566 09-DEC-82       3000        500         20               
      7839 KING       PRESIDENT            17-NOV-81       5000        500         10               
      7844 TURNER     SALESMAN        7698 08-SEP-81       1500          0         30               
      7876 ADAMS      CLERK           7788 12-JAN-83       1100        500         20               
      7900 JAMES      CLERK           7698 03-DEC-81        950        500         30               
      7902 FORD       ANALYST         7566 03-DEC-81       3000        500         20               
      7934 MILLER     CLERK           7782 23-JAN-82       1300        500         10               

14 rows selected.

SQL> CREATE TABLE EMP5
  2  AS SELECT * FROM EMP
  3  WHERE 1=2;

Table created.

SQL> SELECT * FROM EMP5;

no rows selected

SQL> DESC EMP5;
 Name                                                  Null?    Type
 ----------------------------------------------------- -------- ------------------------------------
 EMPNO                                                 NOT NULL NUMBER(4)
 ENAME                                                          VARCHAR2(10)
 JOB                                                            VARCHAR2(9)
 MGR                                                            NUMBER(4)
 HIREDATE                                                       DATE
 SAL                                                            NUMBER(7,2)
 COMM                                                           NUMBER(7,2)
 DEPTNO                                                         NUMBER(2)

SQL> SELECT * FROM EMP;

     EMPNO ENAME      JOB              MGR HIREDATE         SAL       COMM     DEPTNO               
---------- ---------- --------- ---------- --------- ---------- ---------- ----------               
      7369 SMITH      CLERK           7902 17-DEC-80        800                    20               
      7499 ALLEN      SALESMAN        7698 20-FEB-81       1600        300         30               
      7521 WARD       SALESMAN        7698 22-FEB-81       1250        500         30               
      7566 JONES      MANAGER         7839 02-APR-81       2975                    20               
      7654 MARTIN     SALESMAN        7698 28-SEP-81       1250       1400         30               
      7698 BLAKE      MANAGER         7839 01-MAY-81       2850                    30               
      7782 CLARK      MANAGER         7839 09-JUN-81       2450                    10               
      7788 SCOTT      ANALYST         7566 09-DEC-82       3000                    20               
      7839 KING       PRESIDENT            17-NOV-81       5000                    10               
      7844 TURNER     SALESMAN        7698 08-SEP-81       1500          0         30               
      7876 ADAMS      CLERK           7788 12-JAN-83       1100                    20               
      7900 JAMES      CLERK           7698 03-DEC-81        950                    30               
      7902 FORD       ANALYST         7566 03-DEC-81       3000                    20               
      7934 MILLER     CLERK           7782 23-JAN-82       1300                    10               

14 rows selected.

SQL> INSERT INTO EMP5
  2  VALUES(7369,'SMITH','CLERK',7902,'17-DEC-80',800,NULL,20);

1 row created.

SQL> INSERT INTO EMP5
  2  VALUES(7499,'ALLEN','SALESMAN',7698,'20-FEB-81',1600,300,30);

1 row created.

SQL> SELECT * FROM EMP5;

     EMPNO ENAME      JOB              MGR HIREDATE         SAL       COMM     DEPTNO               
---------- ---------- --------- ---------- --------- ---------- ---------- ----------               
      7369 SMITH      CLERK           7902 17-DEC-80        800                    20               
      7499 ALLEN      SALESMAN        7698 20-FEB-81       1600        300         30               

SQL> UPDATE EMP5 SET EMPNO = 1000
  2  ;

2 rows updated.

SQL> SELECT * FROM EMP5;

     EMPNO ENAME      JOB              MGR HIREDATE         SAL       COMM     DEPTNO               
---------- ---------- --------- ---------- --------- ---------- ---------- ----------               
      1000 SMITH      CLERK           7902 17-DEC-80        800                    20               
      1000 ALLEN      SALESMAN        7698 20-FEB-81       1600        300         30               

SQL> MERGE INTO EMP5 USING EMP
  2  ON(EMP.DEPTNO=EMP5.DEPTNO)
  3  WHEN MATCHED THEN
  4  UPDATE
  5  SET EMPNO = EMP.EMPNO
  6  WHEN NOT MATCHED THEN
  7  INSERT VALUES(EMP.EMPNO,EMP.ENAME,EMP.JOB,EMP.MGR,EMP.HIREDATE,EMP.SAL,EMP.COMM,EMP.DEPTNO);
MERGE INTO EMP5 USING EMP
                      *
ERROR at line 1:
ORA-30926: unable to get a stable set of rows in the source tables 


SQL> ED
Wrote file afiedt.buf

  1  MERGE INTO EMP5 USING EMP
  2  ON(EMP.DEPTNO=EMP5.DEPTNO)
  3  WHEN MATCHED THEN
  4  UPDATE
  5  SET EMPNO = EMP.EMPNO
  6  ,ENAME = EMP.ENAME
  7  ,JOB = EMP.JOB
  8  ,MGR = EMP.MGR
  9  ,HIREDATE = MGR.HIREDATE
 10  ,SAL = EMP.SAL
 11  ,COMM = EMP.COMM
 12  ,DEPTNO = EMP.DEPTNO
 13  WHEN NOT MATCHED THEN
 14* INSERT VALUES(EMP.EMPNO,EMP.ENAME,EMP.JOB,EMP.MGR,EMP.HIREDATE,EMP.SAL,EMP.COMM,EMP.DEPTNO)
SQL> /
,HIREDATE = MGR.HIREDATE
            *
ERROR at line 9:
ORA-00904: "MGR"."HIREDATE": invalid identifier 


SQL> ED
Wrote file afiedt.buf

  1  MERGE INTO EMP5 USING EMP
  2  ON(EMP.DEPTNO=EMP5.DEPTNO)
  3  WHEN MATCHED THEN
  4  UPDATE
  5  SET EMPNO = EMP.EMPNO
  6  ,ENAME = EMP.ENAME
  7  ,JOB = EMP.JOB
  8  ,MGR = EMP.MGR
  9  ,HIREDATE = .EMP.HIREDATE
 10  ,SAL = EMP.SAL
 11  ,COMM = EMP.COMM
 12  ,DEPTNO = EMP.DEPTNO
 13  WHEN NOT MATCHED THEN
 14* INSERT VALUES(EMP.EMPNO,EMP.ENAME,EMP.JOB,EMP.MGR,EMP.HIREDATE,EMP.SAL,EMP.COMM,EMP.DEPTNO)
 15  /
,HIREDATE = .EMP.HIREDATE
            *
ERROR at line 9:
ORA-00936: missing expression 


SQL> ED
Wrote file afiedt.buf

  1  MERGE INTO EMP5 USING EMP
  2  ON(EMP.DEPTNO=EMP5.DEPTNO)
  3  WHEN MATCHED THEN
  4  UPDATE
  5  SET EMPNO = EMP.EMPNO
  6  ,ENAME = EMP.ENAME
  7  ,JOB = EMP.JOB
  8  ,MGR = EMP.MGR
  9  ,HIREDATE = EMP.HIREDATE
 10  ,SAL = EMP.SAL
 11  ,COMM = EMP.COMM
 12  ,DEPTNO = EMP.DEPTNO
 13  WHEN NOT MATCHED THEN
 14* INSERT VALUES(EMP.EMPNO,EMP.ENAME,EMP.JOB,EMP.MGR,EMP.HIREDATE,EMP.SAL,EMP.COMM,EMP.DEPTNO)
 15  /
ON(EMP.DEPTNO=EMP5.DEPTNO)
              *
ERROR at line 2:
ORA-38104: Columns referenced in the ON Clause cannot be updated: "EMP5"."DEPTNO" 


SQL> ED
Wrote file afiedt.buf

  1  MERGE INTO EMP5 USING EMP
  2  ON(EMP.DEPTNO=EMP5.DEPTNO)
  3  WHEN MATCHED THEN
  4  UPDATE
  5  SET EMPNO = EMP.EMPNO
  6  ,ENAME = EMP.ENAME
  7  ,JOB = EMP.JOB
  8  ,MGR = EMP.MGR
  9  ,HIREDATE = EMP.HIREDATE
 10  ,SAL = EMP.SAL
 11  ,COMM = EMP.COMM
 12  WHEN NOT MATCHED THEN
 13* INSERT VALUES(EMP.EMPNO,EMP.ENAME,EMP.JOB,EMP.MGR,EMP.HIREDATE,EMP.SAL,EMP.COMM,EMP.DEPTNO)
 14  /
MERGE INTO EMP5 USING EMP
                      *
ERROR at line 1:
ORA-30926: unable to get a stable set of rows in the source tables 


SQL> ed
Wrote file afiedt.buf

  1  MERGE INTO EMP5 USING EMP
  2  ON(distinct EMP.DEPTNO=EMP5.DEPTNO)
  3  WHEN MATCHED THEN
  4  UPDATE
  5  SET EMPNO = EMP.EMPNO
  6  ,ENAME = EMP.ENAME
  7  ,JOB = EMP.JOB
  8  ,MGR = EMP.MGR
  9  ,HIREDATE = EMP.HIREDATE
 10  ,SAL = EMP.SAL
 11  ,COMM = EMP.COMM
 12  WHEN NOT MATCHED THEN
 13* INSERT VALUES(EMP.EMPNO,EMP.ENAME,EMP.JOB,EMP.MGR,EMP.HIREDATE,EMP.SAL,EMP.COMM,EMP.DEPTNO)
SQL> /
ON(distinct EMP.DEPTNO=EMP5.DEPTNO)
   *
ERROR at line 2:
ORA-00936: missing expression 


SQL> ed
Wrote file afiedt.buf

  1  MERGE INTO EMP5 USING EMP
  2  ON(EMP.empNO=EMP5.empNO)
  3  WHEN MATCHED THEN
  4  UPDATE
  5  SET deptno = EMP.deptnO
  6  ,ENAME = EMP.ENAME
  7  ,JOB = EMP.JOB
  8  ,MGR = EMP.MGR
  9  ,HIREDATE = EMP.HIREDATE
 10  ,SAL = EMP.SAL
 11  ,COMM = EMP.COMM
 12  WHEN NOT MATCHED THEN
 13* INSERT VALUES(EMP.EMPNO,EMP.ENAME,EMP.JOB,EMP.MGR,EMP.HIREDATE,EMP.SAL,EMP.COMM,EMP.DEPTNO)
 14  /

14 rows merged.

SQL> SELECT * FROM EMP5;

     EMPNO ENAME      JOB              MGR HIREDATE         SAL       COMM     DEPTNO               
---------- ---------- --------- ---------- --------- ---------- ---------- ----------               
      1000 SMITH      CLERK           7902 17-DEC-80        800                    20               
      1000 ALLEN      SALESMAN        7698 20-FEB-81       1600        300         30               
      7844 TURNER     SALESMAN        7698 08-SEP-81       1500          0         30               
      7839 KING       PRESIDENT            17-NOV-81       5000                    10               
      7782 CLARK      MANAGER         7839 09-JUN-81       2450                    10               
      7521 WARD       SALESMAN        7698 22-FEB-81       1250        500         30               
      7654 MARTIN     SALESMAN        7698 28-SEP-81       1250       1400         30               
      7788 SCOTT      ANALYST         7566 09-DEC-82       3000                    20               
      7698 BLAKE      MANAGER         7839 01-MAY-81       2850                    30               
      7566 JONES      MANAGER         7839 02-APR-81       2975                    20               
      7499 ALLEN      SALESMAN        7698 20-FEB-81       1600        300         30               
      7934 MILLER     CLERK           7782 23-JAN-82       1300                    10               
      7902 FORD       ANALYST         7566 03-DEC-81       3000                    20               
      7369 SMITH      CLERK           7902 17-DEC-80        800                    20               
      7876 ADAMS      CLERK           7788 12-JAN-83       1100                    20               
      7900 JAMES      CLERK           7698 03-DEC-81        950                    30               

16 rows selected.

SQL> DELECT FROM EMP5 WHERE EMPNO != 1000;
SP2-0734: unknown command beginning "DELECT FRO..." - rest of line ignored.
SQL> ED
Wrote file afiedt.buf

  1* SELECT * FROM EMP5
SQL> DELETE FROM EMP5 WHERE EMPNO != 1000;

14 rows deleted.

SQL> UPDATE EMP5
  2  SET EMPNO = 7369 WHERE ENAME = 'SMITH';

1 row updated.

SQL> UPDATE EMP5
  2  SET EMPNO = 7499 WHERE ENAME = 'ALLEN';

1 row updated.

SQL> SELECT * FROM EMP5;

     EMPNO ENAME      JOB              MGR HIREDATE         SAL       COMM     DEPTNO               
---------- ---------- --------- ---------- --------- ---------- ---------- ----------               
      7369 SMITH      CLERK           7902 17-DEC-80        800                    20               
      7499 ALLEN      SALESMAN        7698 20-FEB-81       1600        300         30               

SQL> UPDATE EMP5
  2  SET COMM IS NULL;
SET COMM IS NULL
         *
ERROR at line 2:
ORA-00927: missing equal sign 


SQL> ED
Wrote file afiedt.buf

  1  UPDATE EMP5
  2* SET COMM = NULL
  3  /

2 rows updated.

SQL> SELECT * FROM EMP5;

     EMPNO ENAME      JOB              MGR HIREDATE         SAL       COMM     DEPTNO               
---------- ---------- --------- ---------- --------- ---------- ---------- ----------               
      7369 SMITH      CLERK           7902 17-DEC-80        800                    20               
      7499 ALLEN      SALESMAN        7698 20-FEB-81       1600                    30               

SQL>  MERGE INTO EMP5 USING EMP
  2   ON(EMP.empNO=EMP5.empNO)
  3   WHEN MATCHED THEN
  4   UPDATE
  5   SET deptno = EMP.deptnO
  6   ,ENAME = EMP.ENAME
  7   ,JOB = EMP.JOB
  8   ,MGR = EMP.MGR
  9   ,HIREDATE = EMP.HIREDATE
 10   ,SAL = EMP.SAL
 11   ,COMM = EMP.COMM
 12   WHEN NOT MATCHED THEN
 13   INSERT VALUES(EMP.EMPNO,EMP.ENAME,EMP.JOB,EMP.MGR,EMP.HIREDATE,EMP.SAL,EMP.COMM,EMP.DEPTNO);

14 rows merged.

SQL> SELECT * FROM EMP5;

     EMPNO ENAME      JOB              MGR HIREDATE         SAL       COMM     DEPTNO               
---------- ---------- --------- ---------- --------- ---------- ---------- ----------               
      7369 SMITH      CLERK           7902 17-DEC-80        800                    20               
      7499 ALLEN      SALESMAN        7698 20-FEB-81       1600        300         30               
      7844 TURNER     SALESMAN        7698 08-SEP-81       1500          0         30               
      7839 KING       PRESIDENT            17-NOV-81       5000                    10               
      7782 CLARK      MANAGER         7839 09-JUN-81       2450                    10               
      7521 WARD       SALESMAN        7698 22-FEB-81       1250        500         30               
      7654 MARTIN     SALESMAN        7698 28-SEP-81       1250       1400         30               
      7788 SCOTT      ANALYST         7566 09-DEC-82       3000                    20               
      7698 BLAKE      MANAGER         7839 01-MAY-81       2850                    30               
      7566 JONES      MANAGER         7839 02-APR-81       2975                    20               
      7934 MILLER     CLERK           7782 23-JAN-82       1300                    10               
      7902 FORD       ANALYST         7566 03-DEC-81       3000                    20               
      7876 ADAMS      CLERK           7788 12-JAN-83       1100                    20               
      7900 JAMES      CLERK           7698 03-DEC-81        950                    30               

14 rows selected.

SQL> DELETE FROM EMP5
  2  WHERE EMPNO = 7369;

1 row deleted.

SQL> SELECT * FROM EMP5;

     EMPNO ENAME      JOB              MGR HIREDATE         SAL       COMM     DEPTNO               
---------- ---------- --------- ---------- --------- ---------- ---------- ----------               
      7499 ALLEN      SALESMAN        7698 20-FEB-81       1600        300         30               
      7844 TURNER     SALESMAN        7698 08-SEP-81       1500          0         30               
      7839 KING       PRESIDENT            17-NOV-81       5000                    10               
      7782 CLARK      MANAGER         7839 09-JUN-81       2450                    10               
      7521 WARD       SALESMAN        7698 22-FEB-81       1250        500         30               
      7654 MARTIN     SALESMAN        7698 28-SEP-81       1250       1400         30               
      7788 SCOTT      ANALYST         7566 09-DEC-82       3000                    20               
      7698 BLAKE      MANAGER         7839 01-MAY-81       2850                    30               
      7566 JONES      MANAGER         7839 02-APR-81       2975                    20               
      7934 MILLER     CLERK           7782 23-JAN-82       1300                    10               
      7902 FORD       ANALYST         7566 03-DEC-81       3000                    20               
      7876 ADAMS      CLERK           7788 12-JAN-83       1100                    20               
      7900 JAMES      CLERK           7698 03-DEC-81        950                    30               

13 rows selected.

SQL> COMMIT
  2  ;

Commit complete.

SQL> DESC E1;
ERROR:
ORA-04043: object E1 does not exist 


SQL> DESC DEPT1;
 Name                                                  Null?    Type
 ----------------------------------------------------- -------- ------------------------------------
 DEPTNO                                                         NUMBER(2)
 DNAME                                                          VARCHAR2(14)
 LOC                                                            VARCHAR2(13)

SQL> SELECT * FROM DEPT1;

    DEPTNO DNAME          LOC                                                                       
---------- -------------- -------------                                                             
        10 ACCOUNTING     NEW YORK                                                                  
        20 RESEARCH       DALLAS                                                                    
        30 SALES          CHICAGO                                                                   
        40 OPERATIONS     BOSTON                                                                    
        50 Production                                                                               
        60 Production                                                                               

6 rows selected.

SQL> INSERT INTO DEPT1
  2  VALUES(70,'TRAINING','MUMBAI');

1 row created.

SQL> SAVEPOINT SP1;

Savepoint created.

SQL> INSERT INTO DEPT1
  2  VALUES(80,'HR','PUNE');

1 row created.

SQL> SAVEPOINT SP2;

Savepoint created.

SQL> SELECT * FROM DEPT1;

    DEPTNO DNAME          LOC                                                                       
---------- -------------- -------------                                                             
        10 ACCOUNTING     NEW YORK                                                                  
        20 RESEARCH       DALLAS                                                                    
        30 SALES          CHICAGO                                                                   
        40 OPERATIONS     BOSTON                                                                    
        50 Production                                                                               
        60 Production                                                                               
        70 TRAINING       MUMBAI                                                                    
        80 HR             PUNE                                                                      

8 rows selected.

SQL> ROLLBACK TO SP1;

Rollback complete.

SQL> SELECT * FROM DEPT1;

    DEPTNO DNAME          LOC                                                                       
---------- -------------- -------------                                                             
        10 ACCOUNTING     NEW YORK                                                                  
        20 RESEARCH       DALLAS                                                                    
        30 SALES          CHICAGO                                                                   
        40 OPERATIONS     BOSTON                                                                    
        50 Production                                                                               
        60 Production                                                                               
        70 TRAINING       MUMBAI                                                                    

7 rows selected.

SQL> CREATE USER SACHIN
  2  IDENTIFIED BY SACHIN1;
CREATE USER SACHIN
            *
ERROR at line 1:
ORA-01920: user name 'SACHIN' conflicts with another user or role name 


SQL> ED
Wrote file afiedt.buf

  1  CREATE USER SACHIN1
  2* IDENTIFIED BY SACHIN1
  3  /

User created.

SQL> CONNECT SACHIN1/SACHIN1;
ERROR:
ORA-01045: user SACHIN1 lacks CREATE SESSION privilege; logon denied 


Warning: You are no longer connected to ORACLE.
SQL> CONNECT SCOTT/TIGER;
ERROR:
ORA-01017: invalid username/password; logon denied 


SQL> CONNECT scott/tiger;
Connected.
SQL> GRANT CREATE SESSION TO SACHIN1;

Grant succeeded.

SQL> CONNECT SACHIN1/SACHIN1;
Connected.
SQL> CREATE TABLE TRY
  2  (EMPNO NUMBER(5));
CREATE TABLE TRY
*
ERROR at line 1:
ORA-01031: insufficient privileges 


SQL> SELECT * FROM SCOTT.EMP;
SELECT * FROM SCOTT.EMP
                    *
ERROR at line 1:
ORA-00942: table or view does not exist 


SQL> SELECT * FROM SCOTT.DEPT;
SELECT * FROM SCOTT.DEPT
                    *
ERROR at line 1:
ORA-00942: table or view does not exist 


SQL> CONNECT scott/tiger;
Connected.
SQL> GRANT CREATE TABLE TO SACHIN1;

Grant succeeded.

SQL> CONNECT SACHIN1/SACHIN1;
Connected.
SQL> CREATE TABLE TRY
  2  (EMPNO NUMBER(4));

Table created.

SQL> CREATE USER NEWUSER
  2  IDENTIFIED BY NEWUSER;
IDENTIFIED BY NEWUSER
              *
ERROR at line 2:
ORA-01031: insufficient privileges 


SQL> CONNECT scott/tiger;
Connected.
SQL> GRANT CREATE USER TO SACHIN1 WITH GRANT OPTION;
GRANT CREATE USER TO SACHIN1 WITH GRANT OPTION
                                  *
ERROR at line 1:
ORA-01939: only the ADMIN OPTION can be specified 


SQL> ED
Wrote file afiedt.buf

  1* GRANT CREATE USER TO SACHIN1 WITH ADMIN OPTION
SQL> /

Grant succeeded.

SQL> CONNECT SACHIN1/SACHIN1
Connected.
SQL> CREATE USER NEWUSER
  2  IDENTIFIED BY NEWUSER;

User created.

SQL> CONNECT scott/tiger;
Connected.
SQL> REVOKE CREATE USER FROM SACHIN1;

Revoke succeeded.

SQL> CONNECT SACHIN1/SACHIN1;
Connected.
SQL> CREATE USER NEWUSER1
  2  IDENTIFIED BY NEWUSER1;
IDENTIFIED BY NEWUSER1
              *
ERROR at line 2:
ORA-01031: insufficient privileges 


SQL> DESC USER_PRIVILEGES;
ERROR:
ORA-04043: object USER_PRIVILEGES does not exist 


SQL> DESC USER_PRIVS_ALL;
ERROR:
ORA-04043: object USER_PRIVS_ALL does not exist 


SQL> CONNECT scott/tiger;
Connected.
SQL> DESC USER_PRIVS_ALL;
ERROR:
ORA-04043: object USER_PRIVS_ALL does not exist 


SQL> DESC USER_PRIVILEGES;
ERROR:
ORA-04043: object USER_PRIVILEGES does not exist 


SQL> desc USER_SYS_PRIVS;
 Name                                                  Null?    Type
 ----------------------------------------------------- -------- ------------------------------------
 USERNAME                                                       VARCHAR2(128)
 PRIVILEGE                                                      VARCHAR2(40)
 ADMIN_OPTION                                                   VARCHAR2(3)
 COMMON                                                         VARCHAR2(3)

SQL> DESC USER_TAB_PRIVS;
 Name                                                  Null?    Type
 ----------------------------------------------------- -------- ------------------------------------
 GRANTEE                                                        VARCHAR2(128)
 OWNER                                                          VARCHAR2(128)
 TABLE_NAME                                                     VARCHAR2(128)
 GRANTOR                                                        VARCHAR2(128)
 PRIVILEGE                                                      VARCHAR2(40)
 GRANTABLE                                                      VARCHAR2(3)
 HIERARCHY                                                      VARCHAR2(3)
 COMMON                                                         VARCHAR2(3)
 TYPE                                                           VARCHAR2(24)

SQL> SELECT *
  2  FROM USER_SYS_PRIVS
  3  WHERE USERNAME = 'SACHIN1';

no rows selected

SQL> SELECT *
  2  FROM USER_SYS_PRIVS
  3  WHERE USERNAME = 'scott';

no rows selected

SQL> SELECT *
  2  FROM USER_SYS_PRIVS;

USERNAME                                                                                            
----------------------------------------------------------------------------------------------------
PRIVILEGE                                ADM COM                                                    
---------------------------------------- --- ---                                                    
SCOTT                                                                                               
CREATE ANY CREDENTIAL                    NO  NO                                                     
                                                                                                    
SCOTT                                                                                               
CREATE CREDENTIAL                        NO  NO                                                     
                                                                                                    
SCOTT                                                                                               
SET CONTAINER                            NO  NO                                                     
                                                                                                    
SCOTT                                                                                               
FLASHBACK ARCHIVE ADMINISTER             NO  NO                                                     
                                                                                                    
SCOTT                                                                                               
CREATE ANY CUBE                          NO  NO                                                     
                                                                                                    
SCOTT                                                                                               
ALTER ANY CUBE                           NO  NO                                                     
                                                                                                    
SCOTT                                                                                               
DROP ANY CUBE DIMENSION                  NO  NO                                                     
                                                                                                    
SCOTT                                                                                               
CREATE CUBE DIMENSION                    NO  NO                                                     
                                                                                                    
SCOTT                                                                                               
COMMENT ANY MINING MODEL                 NO  NO                                                     
                                                                                                    
SCOTT                                                                                               
ALTER ANY MINING MODEL                   NO  NO                                                     
                                                                                                    
SCOTT                                                                                               
SELECT ANY MINING MODEL                  NO  NO                                                     
                                                                                                    
SCOTT                                                                                               
DROP ANY MINING MODEL                    NO  NO                                                     
                                                                                                    
SCOTT                                                                                               
EXECUTE ANY ASSEMBLY                     NO  NO                                                     
                                                                                                    
SCOTT                                                                                               
ALTER ANY EDITION                        NO  NO                                                     
                                                                                                    
SCOTT                                                                                               
CHANGE NOTIFICATION                      NO  NO                                                     
                                                                                                    
SCOTT                                                                                               
SELECT ANY TRANSACTION                   NO  NO                                                     
                                                                                                    
SCOTT                                                                                               
CREATE JOB                               NO  NO                                                     
                                                                                                    
SCOTT                                                                                               
ALTER ANY RULE SET                       NO  NO                                                     
                                                                                                    
SCOTT                                                                                               
ALTER ANY OUTLINE                        NO  NO                                                     
                                                                                                    
SCOTT                                                                                               
DROP ANY CONTEXT                         NO  NO                                                     
                                                                                                    
SCOTT                                                                                               
CREATE ANY CONTEXT                       NO  NO                                                     
                                                                                                    
SCOTT                                                                                               
CREATE OPERATOR                          NO  NO                                                     
                                                                                                    
SCOTT                                                                                               
CREATE ANY LIBRARY                       NO  NO                                                     
                                                                                                    
SCOTT                                                                                               
CREATE LIBRARY                           NO  NO                                                     
                                                                                                    
SCOTT                                                                                               
CREATE ANY TYPE                          NO  NO                                                     
                                                                                                    
SCOTT                                                                                               
GRANT ANY PRIVILEGE                      NO  NO                                                     
                                                                                                    
SCOTT                                                                                               
ANALYZE ANY                              NO  NO                                                     
                                                                                                    
SCOTT                                                                                               
CREATE PROFILE                           NO  NO                                                     
                                                                                                    
SCOTT                                                                                               
GRANT ANY ROLE                           NO  NO                                                     
                                                                                                    
SCOTT                                                                                               
DROP PUBLIC DATABASE LINK                NO  NO                                                     
                                                                                                    
SCOTT                                                                                               
CREATE DATABASE LINK                     NO  NO                                                     
                                                                                                    
SCOTT                                                                                               
ALTER ANY SEQUENCE                       NO  NO                                                     

USERNAME                                                                                            
----------------------------------------------------------------------------------------------------
PRIVILEGE                                ADM COM                                                    
---------------------------------------- --- ---                                                    
                                                                                                    
SCOTT                                                                                               
DROP PUBLIC SYNONYM                      NO  NO                                                     
                                                                                                    
SCOTT                                                                                               
CREATE SYNONYM                           NO  NO                                                     
                                                                                                    
SCOTT                                                                                               
CREATE ANY TABLE                         NO  NO                                                     
                                                                                                    
SCOTT                                                                                               
ALTER TABLESPACE                         NO  NO                                                     
                                                                                                    
SCOTT                                                                                               
CREATE ANY CUBE BUILD PROCESS            NO  NO                                                     
                                                                                                    
SCOTT                                                                                               
SELECT ANY CUBE DIMENSION                NO  NO                                                     
                                                                                                    
SCOTT                                                                                               
DROP ANY ASSEMBLY                        NO  NO                                                     
                                                                                                    
SCOTT                                                                                               
ADMINISTER SQL TUNING SET                NO  NO                                                     
                                                                                                    
SCOTT                                                                                               
ALTER ANY SQL PROFILE                    NO  NO                                                     
                                                                                                    
SCOTT                                                                                               
EXECUTE ANY CLASS                        NO  NO                                                     
                                                                                                    
SCOTT                                                                                               
EXECUTE ANY PROGRAM                      NO  NO                                                     
                                                                                                    
SCOTT                                                                                               
CREATE ANY RULE                          NO  NO                                                     
                                                                                                    
SCOTT                                                                                               
DROP ANY EVALUATION CONTEXT              NO  NO                                                     
                                                                                                    
SCOTT                                                                                               
CREATE ANY INDEXTYPE                     NO  NO                                                     
                                                                                                    
SCOTT                                                                                               
UNDER ANY TYPE                           NO  NO                                                     
                                                                                                    
SCOTT                                                                                               
DROP ANY DIRECTORY                       NO  NO                                                     
                                                                                                    
SCOTT                                                                                               
CREATE ANY DIRECTORY                     NO  NO                                                     
                                                                                                    
SCOTT                                                                                               
DROP ANY PROCEDURE                       NO  NO                                                     
                                                                                                    
SCOTT                                                                                               
ALTER DATABASE                           NO  NO                                                     
                                                                                                    
SCOTT                                                                                               
CREATE ROLE                              NO  NO                                                     
                                                                                                    
SCOTT                                                                                               
CREATE VIEW                              NO  NO                                                     
                                                                                                    
SCOTT                                                                                               
RESTRICTED SESSION                       NO  NO                                                     
                                                                                                    
SCOTT                                                                                               
EXEMPT DML REDACTION POLICY              NO  NO                                                     
                                                                                                    
SCOTT                                                                                               
ADMINISTER SQL MANAGEMENT OBJECT         NO  NO                                                     
                                                                                                    
SCOTT                                                                                               
DROP ANY CUBE BUILD PROCESS              NO  NO                                                     
                                                                                                    
SCOTT                                                                                               
CREATE MEASURE FOLDER                    NO  NO                                                     
                                                                                                    
SCOTT                                                                                               
DELETE ANY CUBE DIMENSION                NO  NO                                                     
                                                                                                    
SCOTT                                                                                               
CREATE ASSEMBLY                          NO  NO                                                     
                                                                                                    
SCOTT                                                                                               
ADVISOR                                  NO  NO                                                     
                                                                                                    
SCOTT                                                                                               
FLASHBACK ANY TABLE                      NO  NO                                                     
                                                                                                    
SCOTT                                                                                               
ENQUEUE ANY QUEUE                        NO  NO                                                     
                                                                                                    
SCOTT                                                                                               

USERNAME                                                                                            
----------------------------------------------------------------------------------------------------
PRIVILEGE                                ADM COM                                                    
---------------------------------------- --- ---                                                    
QUERY REWRITE                            NO  NO                                                     
                                                                                                    
SCOTT                                                                                               
EXECUTE ANY OPERATOR                     NO  NO                                                     
                                                                                                    
SCOTT                                                                                               
DROP ANY OPERATOR                        NO  NO                                                     
                                                                                                    
SCOTT                                                                                               
CREATE TYPE                              NO  NO                                                     
                                                                                                    
SCOTT                                                                                               
CREATE MATERIALIZED VIEW                 NO  NO                                                     
                                                                                                    
SCOTT                                                                                               
DROP ANY TRIGGER                         NO  NO                                                     
                                                                                                    
SCOTT                                                                                               
CREATE ANY PROCEDURE                     NO  NO                                                     
                                                                                                    
SCOTT                                                                                               
CREATE PROCEDURE                         NO  NO                                                     
                                                                                                    
SCOTT                                                                                               
FORCE TRANSACTION                        NO  NO                                                     
                                                                                                    
SCOTT                                                                                               
CREATE ANY SYNONYM                       NO  NO                                                     
                                                                                                    
SCOTT                                                                                               
DROP ANY CLUSTER                         NO  NO                                                     
                                                                                                    
SCOTT                                                                                               
UPDATE ANY TABLE                         NO  NO                                                     
                                                                                                    
SCOTT                                                                                               
LOCK ANY TABLE                           NO  NO                                                     
                                                                                                    
SCOTT                                                                                               
UNLIMITED TABLESPACE                     NO  NO                                                     
                                                                                                    
SCOTT                                                                                               
ALTER ANY CUBE BUILD PROCESS             NO  NO                                                     
                                                                                                    
SCOTT                                                                                               
SELECT ANY MEASURE FOLDER                NO  NO                                                     
                                                                                                    
SCOTT                                                                                               
CREATE ANY SQL TRANSLATION PROFILE       NO  NO                                                     
                                                                                                    
SCOTT                                                                                               
CREATE CUBE BUILD PROCESS                NO  NO                                                     
                                                                                                    
SCOTT                                                                                               
SELECT ANY CUBE                          NO  NO                                                     
                                                                                                    
SCOTT                                                                                               
ALTER ANY CUBE DIMENSION                 NO  NO                                                     
                                                                                                    
SCOTT                                                                                               
CREATE ANY MINING MODEL                  NO  NO                                                     
                                                                                                    
SCOTT                                                                                               
MANAGE FILE GROUP                        NO  NO                                                     
                                                                                                    
SCOTT                                                                                               
CREATE ANY SQL PROFILE                   NO  NO                                                     
                                                                                                    
SCOTT                                                                                               
ADMINISTER ANY SQL TUNING SET            NO  NO                                                     
                                                                                                    
SCOTT                                                                                               
CREATE EVALUATION CONTEXT                NO  NO                                                     
                                                                                                    
SCOTT                                                                                               
MERGE ANY VIEW                           NO  NO                                                     
                                                                                                    
SCOTT                                                                                               
ADMINISTER RESOURCE MANAGER              NO  NO                                                     
                                                                                                    
SCOTT                                                                                               
DEQUEUE ANY QUEUE                        NO  NO                                                     
                                                                                                    
SCOTT                                                                                               
ALTER ANY DIMENSION                      NO  NO                                                     
                                                                                                    
SCOTT                                                                                               
CREATE ANY DIMENSION                     NO  NO                                                     
                                                                                                    
SCOTT                                                                                               
EXECUTE ANY INDEXTYPE                    NO  NO                                                     
                                                                                                    
SCOTT                                                                                               
UNDER ANY VIEW                           NO  NO                                                     
                                                                                                    

USERNAME                                                                                            
----------------------------------------------------------------------------------------------------
PRIVILEGE                                ADM COM                                                    
---------------------------------------- --- ---                                                    
SCOTT                                                                                               
ALTER ANY INDEXTYPE                      NO  NO                                                     
                                                                                                    
SCOTT                                                                                               
DROP ANY LIBRARY                         NO  NO                                                     
                                                                                                    
SCOTT                                                                                               
ALTER ANY PROCEDURE                      NO  NO                                                     
                                                                                                    
SCOTT                                                                                               
SELECT ANY SEQUENCE                      NO  NO                                                     
                                                                                                    
SCOTT                                                                                               
CREATE ANY VIEW                          NO  NO                                                     
                                                                                                    
SCOTT                                                                                               
CREATE PUBLIC SYNONYM                    NO  NO                                                     
                                                                                                    
SCOTT                                                                                               
CREATE CLUSTER                           NO  NO                                                     
                                                                                                    
SCOTT                                                                                               
CREATE USER                              NO  NO                                                     
                                                                                                    
SCOTT                                                                                               
ALTER SESSION                            NO  NO                                                     
                                                                                                    
SCOTT                                                                                               
ALTER ANY MEASURE FOLDER                 NO  NO                                                     
                                                                                                    
SCOTT                                                                                               
ALTER ANY SQL TRANSLATION PROFILE        NO  NO                                                     
                                                                                                    
SCOTT                                                                                               
UPDATE ANY CUBE DIMENSION                NO  NO                                                     
                                                                                                    
SCOTT                                                                                               
DROP ANY CUBE                            NO  NO                                                     
                                                                                                    
SCOTT                                                                                               
CREATE ANY CUBE DIMENSION                NO  NO                                                     
                                                                                                    
SCOTT                                                                                               
EXECUTE ASSEMBLY                         NO  NO                                                     
                                                                                                    
SCOTT                                                                                               
CREATE ANY EDITION                       NO  NO                                                     
                                                                                                    
SCOTT                                                                                               
DROP ANY RULE SET                        NO  NO                                                     
                                                                                                    
SCOTT                                                                                               
ALTER ANY EVALUATION CONTEXT             NO  NO                                                     
                                                                                                    
SCOTT                                                                                               
CREATE ANY EVALUATION CONTEXT            NO  NO                                                     
                                                                                                    
SCOTT                                                                                               
DEBUG ANY PROCEDURE                      NO  NO                                                     
                                                                                                    
SCOTT                                                                                               
RESUMABLE                                NO  NO                                                     
                                                                                                    
SCOTT                                                                                               
ON COMMIT REFRESH                        NO  NO                                                     
                                                                                                    
SCOTT                                                                                               
DROP ANY OUTLINE                         NO  NO                                                     
                                                                                                    
SCOTT                                                                                               
CREATE ANY OUTLINE                       NO  NO                                                     
                                                                                                    
SCOTT                                                                                               
MANAGE ANY QUEUE                         NO  NO                                                     
                                                                                                    
SCOTT                                                                                               
EXECUTE ANY TYPE                         NO  NO                                                     
                                                                                                    
SCOTT                                                                                               
DROP PROFILE                             NO  NO                                                     
                                                                                                    
SCOTT                                                                                               
ALTER PROFILE                            NO  NO                                                     
                                                                                                    
SCOTT                                                                                               
ALTER ANY TRIGGER                        NO  NO                                                     
                                                                                                    
SCOTT                                                                                               
AUDIT ANY                                NO  NO                                                     
                                                                                                    
SCOTT                                                                                               
DROP ANY ROLE                            NO  NO                                                     
                                                                                                    
SCOTT                                                                                               
DROP ANY SYNONYM                         NO  NO                                                     

USERNAME                                                                                            
----------------------------------------------------------------------------------------------------
PRIVILEGE                                ADM COM                                                    
---------------------------------------- --- ---                                                    
                                                                                                    
SCOTT                                                                                               
ALTER ANY INDEX                          NO  NO                                                     
                                                                                                    
SCOTT                                                                                               
DROP ANY TABLE                           NO  NO                                                     
                                                                                                    
SCOTT                                                                                               
BACKUP ANY TABLE                         NO  NO                                                     
                                                                                                    
SCOTT                                                                                               
CREATE TABLE                             NO  NO                                                     
                                                                                                    
SCOTT                                                                                               
DROP ROLLBACK SEGMENT                    NO  NO                                                     
                                                                                                    
SCOTT                                                                                               
SELECT ANY CUBE BUILD PROCESS            NO  NO                                                     
                                                                                                    
SCOTT                                                                                               
EXEMPT DDL REDACTION POLICY              NO  NO                                                     
                                                                                                    
SCOTT                                                                                               
CREATE PLUGGABLE DATABASE                NO  NO                                                     
                                                                                                    
SCOTT                                                                                               
EM EXPRESS CONNECT                       NO  NO                                                     
                                                                                                    
SCOTT                                                                                               
DELETE ANY MEASURE FOLDER                NO  NO                                                     
                                                                                                    
SCOTT                                                                                               
CREATE CUBE                              NO  NO                                                     
                                                                                                    
SCOTT                                                                                               
CREATE EXTERNAL JOB                      NO  NO                                                     
                                                                                                    
SCOTT                                                                                               
CREATE ANY JOB                           NO  NO                                                     
                                                                                                    
SCOTT                                                                                               
DROP ANY RULE                            NO  NO                                                     
                                                                                                    
SCOTT                                                                                               
CREATE ANY RULE SET                      NO  NO                                                     
                                                                                                    
SCOTT                                                                                               
CREATE RULE SET                          NO  NO                                                     
                                                                                                    
SCOTT                                                                                               
DROP ANY DIMENSION                       NO  NO                                                     
                                                                                                    
SCOTT                                                                                               
EXECUTE ANY LIBRARY                      NO  NO                                                     
                                                                                                    
SCOTT                                                                                               
ALTER ANY TYPE                           NO  NO                                                     
                                                                                                    
SCOTT                                                                                               
CREATE ANY MATERIALIZED VIEW             NO  NO                                                     
                                                                                                    
SCOTT                                                                                               
ALTER RESOURCE COST                      NO  NO                                                     
                                                                                                    
SCOTT                                                                                               
CREATE TRIGGER                           NO  NO                                                     
                                                                                                    
SCOTT                                                                                               
EXECUTE ANY PROCEDURE                    NO  NO                                                     
                                                                                                    
SCOTT                                                                                               
DROP ANY INDEX                           NO  NO                                                     
                                                                                                    
SCOTT                                                                                               
CREATE ANY INDEX                         NO  NO                                                     
                                                                                                    
SCOTT                                                                                               
ALTER ANY CLUSTER                        NO  NO                                                     
                                                                                                    
SCOTT                                                                                               
REDEFINE ANY TABLE                       NO  NO                                                     
                                                                                                    
SCOTT                                                                                               
DELETE ANY TABLE                         NO  NO                                                     
                                                                                                    
SCOTT                                                                                               
ALTER USER                               NO  NO                                                     
                                                                                                    
SCOTT                                                                                               
DROP TABLESPACE                          NO  NO                                                     
                                                                                                    
SCOTT                                                                                               
CREATE TABLESPACE                        NO  NO                                                     
                                                                                                    
SCOTT                                                                                               

USERNAME                                                                                            
----------------------------------------------------------------------------------------------------
PRIVILEGE                                ADM COM                                                    
---------------------------------------- --- ---                                                    
LOGMINING                                NO  NO                                                     
                                                                                                    
SCOTT                                                                                               
UPDATE ANY CUBE BUILD PROCESS            NO  NO                                                     
                                                                                                    
SCOTT                                                                                               
INSERT ANY MEASURE FOLDER                NO  NO                                                     
                                                                                                    
SCOTT                                                                                               
DROP ANY MEASURE FOLDER                  NO  NO                                                     
                                                                                                    
SCOTT                                                                                               
INSERT ANY CUBE DIMENSION                NO  NO                                                     
                                                                                                    
SCOTT                                                                                               
MANAGE ANY FILE GROUP                    NO  NO                                                     
                                                                                                    
SCOTT                                                                                               
CREATE RULE                              NO  NO                                                     
                                                                                                    
SCOTT                                                                                               
GRANT ANY OBJECT PRIVILEGE               NO  NO                                                     
                                                                                                    
SCOTT                                                                                               
GLOBAL QUERY REWRITE                     NO  NO                                                     
                                                                                                    
SCOTT                                                                                               
ALTER ANY MATERIALIZED VIEW              NO  NO                                                     
                                                                                                    
SCOTT                                                                                               
CREATE PUBLIC DATABASE LINK              NO  NO                                                     
                                                                                                    
SCOTT                                                                                               
DROP ANY SEQUENCE                        NO  NO                                                     
                                                                                                    
SCOTT                                                                                               
CREATE ANY SEQUENCE                      NO  NO                                                     
                                                                                                    
SCOTT                                                                                               
CREATE SEQUENCE                          NO  NO                                                     
                                                                                                    
SCOTT                                                                                               
CREATE ANY CLUSTER                       NO  NO                                                     
                                                                                                    
SCOTT                                                                                               
ALTER ROLLBACK SEGMENT                   NO  NO                                                     
                                                                                                    
SCOTT                                                                                               
DROP USER                                NO  NO                                                     
                                                                                                    
SCOTT                                                                                               
CREATE SESSION                           NO  NO                                                     
                                                                                                    
SCOTT                                                                                               
READ ANY TABLE                           NO  NO                                                     
                                                                                                    
SCOTT                                                                                               
DROP ANY SQL TRANSLATION PROFILE         NO  NO                                                     
                                                                                                    
SCOTT                                                                                               
USE ANY SQL TRANSLATION PROFILE          NO  NO                                                     
                                                                                                    
SCOTT                                                                                               
CREATE SQL TRANSLATION PROFILE           NO  NO                                                     
                                                                                                    
SCOTT                                                                                               
CREATE ANY MEASURE FOLDER                NO  NO                                                     
                                                                                                    
SCOTT                                                                                               
UPDATE ANY CUBE                          NO  NO                                                     
                                                                                                    
SCOTT                                                                                               
CREATE MINING MODEL                      NO  NO                                                     
                                                                                                    
SCOTT                                                                                               
ALTER ANY ASSEMBLY                       NO  NO                                                     
                                                                                                    
SCOTT                                                                                               
CREATE ANY ASSEMBLY                      NO  NO                                                     
                                                                                                    
SCOTT                                                                                               
DROP ANY EDITION                         NO  NO                                                     
                                                                                                    
SCOTT                                                                                               
READ ANY FILE GROUP                      NO  NO                                                     
                                                                                                    
SCOTT                                                                                               
DROP ANY SQL PROFILE                     NO  NO                                                     
                                                                                                    
SCOTT                                                                                               
MANAGE SCHEDULER                         NO  NO                                                     
                                                                                                    
SCOTT                                                                                               
EXECUTE ANY RULE                         NO  NO                                                     
                                                                                                    

USERNAME                                                                                            
----------------------------------------------------------------------------------------------------
PRIVILEGE                                ADM COM                                                    
---------------------------------------- --- ---                                                    
SCOTT                                                                                               
ALTER ANY RULE                           NO  NO                                                     
                                                                                                    
SCOTT                                                                                               
IMPORT FULL DATABASE                     NO  NO                                                     
                                                                                                    
SCOTT                                                                                               
EXPORT FULL DATABASE                     NO  NO                                                     
                                                                                                    
SCOTT                                                                                               
EXECUTE ANY RULE SET                     NO  NO                                                     
                                                                                                    
SCOTT                                                                                               
EXECUTE ANY EVALUATION CONTEXT           NO  NO                                                     
                                                                                                    
SCOTT                                                                                               
DEBUG CONNECT SESSION                    NO  NO                                                     
                                                                                                    
SCOTT                                                                                               
ADMINISTER DATABASE TRIGGER              NO  NO                                                     
                                                                                                    
SCOTT                                                                                               
CREATE DIMENSION                         NO  NO                                                     
                                                                                                    
SCOTT                                                                                               
UNDER ANY TABLE                          NO  NO                                                     
                                                                                                    
SCOTT                                                                                               
DROP ANY INDEXTYPE                       NO  NO                                                     
                                                                                                    
SCOTT                                                                                               
CREATE INDEXTYPE                         NO  NO                                                     
                                                                                                    
SCOTT                                                                                               
ALTER ANY OPERATOR                       NO  NO                                                     
                                                                                                    
SCOTT                                                                                               
CREATE ANY OPERATOR                      NO  NO                                                     
                                                                                                    
SCOTT                                                                                               
ALTER ANY LIBRARY                        NO  NO                                                     
                                                                                                    
SCOTT                                                                                               
DROP ANY TYPE                            NO  NO                                                     
                                                                                                    
SCOTT                                                                                               
DROP ANY MATERIALIZED VIEW               NO  NO                                                     
                                                                                                    
SCOTT                                                                                               
CREATE ANY TRIGGER                       NO  NO                                                     
                                                                                                    
SCOTT                                                                                               
FORCE ANY TRANSACTION                    NO  NO                                                     
                                                                                                    
SCOTT                                                                                               
ALTER ANY ROLE                           NO  NO                                                     
                                                                                                    
SCOTT                                                                                               
DROP ANY VIEW                            NO  NO                                                     
                                                                                                    
SCOTT                                                                                               
INSERT ANY TABLE                         NO  NO                                                     
                                                                                                    
SCOTT                                                                                               
SELECT ANY TABLE                         NO  NO                                                     
                                                                                                    
SCOTT                                                                                               
COMMENT ANY TABLE                        NO  NO                                                     
                                                                                                    
SCOTT                                                                                               
ALTER ANY TABLE                          NO  NO                                                     
                                                                                                    
SCOTT                                                                                               
CREATE ROLLBACK SEGMENT                  NO  NO                                                     
                                                                                                    
SCOTT                                                                                               
BECOME USER                              NO  NO                                                     
                                                                                                    
SCOTT                                                                                               
MANAGE TABLESPACE                        NO  NO                                                     
                                                                                                    
SCOTT                                                                                               
AUDIT SYSTEM                             NO  NO                                                     
                                                                                                    
SCOTT                                                                                               
ALTER SYSTEM                             NO  NO                                                     
                                                                                                    

219 rows selected.

SQL> SELECT *
  2  DESC USER_TAB_PRIVS;
DESC USER_TAB_PRIVS
*
ERROR at line 2:
ORA-00923: FROM keyword not found where expected 


SQL> SELECT TO_CHAR(SYSDATE,'DAY MONTH YEAR') FROM DUAL;

TO_CHAR(SYSDATE,'DAYMONTHYEAR')                                                                     
--------------------------------------------------------------                                      
MONDAY    APRIL     TWENTY SEVENTEEN                                                                

SQL> ED
Wrote file afiedt.buf

  1* SELECT TO_CHAR(SYSDATE,'DATE MONTH YEAR') FROM DUAL
  2  /
SELECT TO_CHAR(SYSDATE,'DATE MONTH YEAR') FROM DUAL
                       *
ERROR at line 1:
ORA-01821: date format not recognized 


SQL> ED
Wrote file afiedt.buf

  1* SELECT TO_CHAR(SYSDATE,'DY MONTH YEAR') FROM DUAL
  2  /

TO_CHAR(SYSDATE,'DYMONTHYEAR')                                                                      
--------------------------------------------------------                                            
MON APRIL     TWENTY SEVENTEEN                                                                      

SQL> ED
Wrote file afiedt.buf

  1* SELECT TO_CHAR(SYSDATE,'J MONTH YEAR') FROM DUAL
  2  /

TO_CHAR(SYSDATE,'JMONTHYEAR')                                                                       
------------------------------------------------------------                                        
2457854 APRIL     TWENTY SEVENTEEN                                                                  

SQL> ed
Wrote file afiedt.buf

  1* SELECT TO_CHAR(SYSDATE,'DDSP MONTH YEAR') FROM DUAL
SQL> /

TO_CHAR(SYSDATE,'DDSPMONTHYEAR')                                                                    
-----------------------------------------------------------------                                   
TEN APRIL     TWENTY SEVENTEEN                                                                      

SQL> ED
Wrote file afiedt.buf

  1* SELECT TO_CHAR(28-JAN-2002,'DDSP MONTH YEAR') FROM DUAL
  2  /
SELECT TO_CHAR(28-JAN-2002,'DDSP MONTH YEAR') FROM DUAL
                  *
ERROR at line 1:
ORA-00904: "JAN": invalid identifier 


SQL> ED
Wrote file afiedt.buf

  1* SELECT TO_CHAR('28-JAN-2002','DDSP MONTH YEAR') FROM DUAL
SQL> /
SELECT TO_CHAR('28-JAN-2002','DDSP MONTH YEAR') FROM DUAL
               *
ERROR at line 1:
ORA-01722: invalid number 


SQL> ED
Wrote file afiedt.buf

  1* SELECT TO_CHAR('28-JAN-2002','DDSP MONTH YEAR') FROM DUAL
  2  /
SELECT TO_CHAR('28-JAN-2002','DDSP MONTH YEAR') FROM DUAL
               *
ERROR at line 1:
ORA-01722: invalid number 


SQL> ED
Wrote file afiedt.buf

  1* SELECT TO_CHAR(28-01-2002,'DDSP MONTH YEAR') FROM DUAL
  2  /
SELECT TO_CHAR(28-01-2002,'DDSP MONTH YEAR') FROM DUAL
                          *
ERROR at line 1:
ORA-01481: invalid number format model 


SQL> ED
Wrote file afiedt.buf

  1* SELECT TO_CHAR(TO_DATE(28-01-2002),'DDSP MONTH YEAR') FROM DUAL
  2  /
SELECT TO_CHAR(TO_DATE(28-01-2002),'DDSP MONTH YEAR') FROM DUAL
                            *
ERROR at line 1:
ORA-01847: day of month must be between 1 and last day of month 


SQL> ED
Wrote file afiedt.buf

  1* SELECT TO_CHAR(TO_DATE(28-01-2002,'DD-MM-YYYY'),'DDSP MONTH YEAR') FROM DUAL
  2  /
SELECT TO_CHAR(TO_DATE(28-01-2002,'DD-MM-YYYY'),'DDSP MONTH YEAR') FROM DUAL
                            *
ERROR at line 1:
ORA-01847: day of month must be between 1 and last day of month 


SQL> ED
Wrote file afiedt.buf

  1* SELECT TO_CHAR(TO_DATE(28-JAN-2002,'DD-MON-YYYY'),'DDSP MONTH YEAR') FROM DUAL
  2  /
SELECT TO_CHAR(TO_DATE(28-JAN-2002,'DD-MON-YYYY'),'DDSP MONTH YEAR') FROM DUAL
                          *
ERROR at line 1:
ORA-00904: "JAN": invalid identifier 


SQL> ED
Wrote file afiedt.buf

  1* SELECT TO_CHAR(TO_DATE(28-JAN-2002,'DD-MON-YYYY'),'DDSP MON YEAR') FROM DUAL
  2  /
SELECT TO_CHAR(TO_DATE(28-JAN-2002,'DD-MON-YYYY'),'DDSP MON YEAR') FROM DUAL
                          *
ERROR at line 1:
ORA-00904: "JAN": invalid identifier 


SQL> ED
Wrote file afiedt.buf

  1* SELECT TO_CHAR(TO_DATE(28-FEB-2002,'DD-MON-YYYY'),'DDSP MON YEAR') FROM DUAL
  2  /
SELECT TO_CHAR(TO_DATE(28-FEB-2002,'DD-MON-YYYY'),'DDSP MON YEAR') FROM DUAL
                          *
ERROR at line 1:
ORA-00904: "FEB": invalid identifier 


SQL> ED
Wrote file afiedt.buf

  1* SELECT TO_CHAR(TO_DATE(28-JAN-2002,'DD-MON-YYYY'),'DD MON YEAR') FROM DUAL
  2  /
SELECT TO_CHAR(TO_DATE(28-JAN-2002,'DD-MON-YYYY'),'DD MON YEAR') FROM DUAL
                          *
ERROR at line 1:
ORA-00904: "JAN": invalid identifier 


SQL> ED
Wrote file afiedt.buf

  1* SELECT TO_CHAR(TO_DATE('28-JAN-2002','DD-MON-YYYY'),'DDSP MONTH YEAR') FROM DUAL
  2  /

TO_CHAR(TO_DATE('28-JAN-2002','DD-MON-Y                                                             
---------------------------------------                                                             
TWENTY-EIGHT JANUARY   TWO THOUSAND TWO                                                             

SQL> ED
Wrote file afiedt.buf

  1* SELECT TO_CHAR(SYSDATE,'DDSP MONTH YEAR') FROM DUAL
  2  ed
  3  /

TO_CHAR(SYSDATE,'DDSPMONTHYEAR')                                                                    
-----------------------------------------------------------------                                   
TEN APRIL     TWENTY SEVENTEEN                                                                      

SQL> ED
Wrote file afiedt.buf

  1* SELECT LAST_DAY(TO_CHAR(SYSDATE,'DDSP MONTH YEAR')) FROM DUAL
  2  /
SELECT LAST_DAY(TO_CHAR(SYSDATE,'DDSP MONTH YEAR')) FROM DUAL
                *
ERROR at line 1:
ORA-01858: a non-numeric character was found where a numeric was expected 


SQL> ED
Wrote file afiedt.buf

  1* SELECT TO_CHAR((LAST_DAY(SYSDATE),'DDSP MONTH YEAR') FROM DUAL
  2  /
SELECT TO_CHAR((LAST_DAY(SYSDATE),'DDSP MONTH YEAR') FROM DUAL
                                 *
ERROR at line 1:
ORA-00907: missing right parenthesis 


SQL> ED
Wrote file afiedt.buf

  1* SELECT TO_CHAR((LAST_DAY(SYSDATE,'DDSP MONTH YEAR')) FROM DUAL
  2  /
SELECT TO_CHAR((LAST_DAY(SYSDATE,'DDSP MONTH YEAR')) FROM DUAL
                *
ERROR at line 1:
ORA-00909: invalid number of arguments 


SQL> ED
Wrote file afiedt.buf

  1* SELECT TO_CHAR((LAST_DAY(SYSDATE,'DDSP MONTH YEAR')) FROM DUAL
SQL> ED
Wrote file afiedt.buf

  1* SELECT LAST_DAY(SYSDATE) FROM DUAL
  2  /

LAST_DAY(                                                                                           
---------                                                                                           
30-APR-17                                                                                           

SQL> ED
Wrote file afiedt.buf

  1* SELECT NEXT_DAY(LAST_DAY(SYSDATE),'FRIDAY') FROM DUAL
  2  /

NEXT_DAY(                                                                                           
---------                                                                                           
05-MAY-17                                                                                           

SQL> ED
Wrote file afiedt.buf

  1* SELECT NEXT_DAY(LAST_DAY(SYSDATE) - 7,'FRIDAY') FROM DUAL
  2  /

NEXT_DAY(                                                                                           
---------                                                                                           
28-APR-17                                                                                           

SQL> ED
Wrote file afiedt.buf

  1* SELECT TO_DATE(NEXT_DAY(LAST_DAY(SYSDATE) - 7,'FRIDAY'),'DDSP MONTH YEAR') AS "PAY DATE" FROM DUAL
  2  /
SELECT TO_DATE(NEXT_DAY(LAST_DAY(SYSDATE) - 7,'FRIDAY'),'DDSP MONTH YEAR') AS "PAY DATE" FROM DUAL
                                                        *
ERROR at line 1:
ORA-01820: format code cannot appear in date input format 


SQL> ED
Wrote file afiedt.buf

  1* SELECT TO_CHAR(NEXT_DAY(LAST_DAY(SYSDATE) - 7,'FRIDAY'),'DDSP MONTH YEAR') AS "PAY DATE" FROM DUAL
  2  /

PAY DATE                                                                                            
-----------------------------------------------------------------                                   
TWENTY-EIGHT APRIL     TWENTY SEVENTEEN                                                             

SQL> ED
Wrote file afiedt.buf

  1* SELECT TO_CHAR(NEXT_DAY(LAST_DAY(SYSDATE) - 7,'FRIDAY'),'DDSP MONTH YEAR') AS "PAY DATE" FROM DUAL
SQL> CLEAR SCREEN;

SQL> ED
Wrote file afiedt.buf

  1* SELECT TO_CHAR(NEXT_DAY(LAST_DAY(SYSDATE) - 7,'FRIDAY'),'DDSP MONTH YEAR') AS "PAY DATE" FROM DUAL
  2  /

PAY DATE                                                                                            
-----------------------------------------------------------------                                   
TWENTY-EIGHT APRIL     TWENTY SEVENTEEN                                                             

SQL> spool off;
